npm error code EPERM
npm error syscall stat
npm error path <USER_HOME>\AppData\Local\npm-cache\_cacache\content-v2\sha512\25\99\c328af01d11083c3ce0535d0c022964af89b89c3eb3b2f3f2792c23b488b94dd45c926c954b61b22fae5815183b03c5c16ed6ecf44b45f50aa718ed8c50b
npm error errno -4048
npm error Error: EPERM: operation not permitted, stat '<USER_HOME>\AppData\Local\npm-cache\_cacache\content-v2\sha512\25\99\c328af01d11083c3ce0535d0c022964af89b89c3eb3b2f3f2792c23b488b94dd45c926c954b61b22fae5815183b03c5c16ed6ecf44b45f50aa718ed8c50b'
npm error     at async Object.stat (node:internal/fs/promises:1686:18)
npm error     at async C:\Program Files\nodejs\node_modules\npm\node_modules\cacache\lib\content\read.js:61:38
npm error     at async C:\Program Files\nodejs\node_modules\npm\node_modules\cacache\lib\content\read.js:59:34 {
npm error   errno: -4048,
npm error   code: 'EPERM',
npm error   syscall: 'stat',
npm error   path: '<USER_HOME>\\AppData\\Local\\npm-cache\\_cacache\\content-v2\\sha512\\25\\99\\c328af01d11083c3ce0535d0c022964af89b89c3eb3b2f3f2792c23b488b94dd45c926c954b61b22fae5815183b03c5c16ed6ecf44b45f50aa718ed8c50b'
npm error }
npm error
npm error The operation was rejected by your operating system.
npm error It's possible that the file was already in use (by a text editor or antivirus), or that you lack permissions to access it.
npm error
npm error If you believe this might be a permissions issue, please double-check the permissions of the file and its containing directories, or try running the command again as root/Administrator.
npm error Log files were not written due to an error writing to the directory: <USER_HOME>\AppData\Local\npm-cache\_logs
npm error You can rerun the command with `--loglevel=verbose` to see the logs in your terminal
